0 verbose cli C:\nvm4w\nodejs\node.exe C:\nvm4w\nodejs\node_modules\npm\bin\npm-cli.js
1 info using npm@11.6.2
2 info using node@v22.21.0
3 silly config load:file:C:\Users\ABCD\AppData\Local\nvm\v22.21.0\node_modules\npm\npmrc
4 silly config load:file:C:\Users\ABCD\smart-choice-rental\.npmrc
5 silly config load:file:C:\Users\ABCD\.npmrc
6 silly config load:file:C:\nvm4w\nodejs\etc\npmrc
7 verbose title npm i next-themes
8 verbose argv "i" "next-themes"
9 verbose logfile logs-max:10 dir:C:\Users\ABCD\smart-choice-rental\.npm-cache\_logs\2026-05-19T13_49_31_502Z-
10 verbose logfile C:\Users\ABCD\smart-choice-rental\.npm-cache\_logs\2026-05-19T13_49_31_502Z-debug-0.log
11 silly logfile done cleaning log files
12 silly packumentCache heap:4345298944 maxSize:1086324736 maxEntrySize:543162368
13 silly idealTree buildDeps
14 silly fetch manifest next-themes@*
15 silly packumentCache full:https://registry.npmjs.org/next-themes cache-miss
16 http fetch GET 200 https://registry.npmjs.org/npm 1066ms
17 http fetch GET 200 https://registry.npmjs.org/next-themes 726ms (cache miss)
18 silly packumentCache full:https://registry.npmjs.org/next-themes set size:undefined disposed:false
19 silly fetch manifest react@^19.0.0
20 silly packumentCache full:https://registry.npmjs.org/react cache-miss
21 http fetch GET 200 https://registry.npmjs.org/react 1324ms (cache miss)
22 silly packumentCache full:https://registry.npmjs.org/react set size:undefined disposed:false
23 silly fetch manifest react-dom@^19.0.0
24 silly packumentCache full:https://registry.npmjs.org/react-dom cache-miss
25 http fetch GET 200 https://registry.npmjs.org/react-dom 1382ms (cache miss)
26 silly packumentCache full:https://registry.npmjs.org/react-dom set size:undefined disposed:false
27 silly placeDep ROOT next-themes@0.4.6 OK for: smart-choice-rental@0.1.0 want: *
28 silly reify moves {}
29 silly audit bulk request {
29 silly audit   '@alloc/quick-lru': [ '5.2.0' ],
29 silly audit   '@ampproject/remapping': [ '2.3.0' ],
29 silly audit   '@emnapi/core': [ '1.4.3' ],
29 silly audit   '@emnapi/runtime': [ '1.4.3' ],
29 silly audit   '@emnapi/wasi-threads': [ '1.0.2' ],
29 silly audit   '@eslint-community/eslint-utils': [ '4.7.0' ],
29 silly audit   'eslint-visitor-keys': [ '3.4.3', '4.2.1' ],
29 silly audit   '@eslint-community/regexpp': [ '4.12.1' ],
29 silly audit   '@eslint/config-array': [ '0.21.0' ],
29 silly audit   '@eslint/config-helpers': [ '0.3.0' ],
29 silly audit   '@eslint/core': [ '0.14.0', '0.15.1' ],
29 silly audit   '@eslint/eslintrc': [ '3.3.1' ],
29 silly audit   '@eslint/js': [ '9.30.1' ],
29 silly audit   '@eslint/object-schema': [ '2.1.6' ],
29 silly audit   '@eslint/plugin-kit': [ '0.3.3' ],
29 silly audit   '@fontsource-variable/cormorant-garamond': [ '5.2.6' ],
29 silly audit   '@fontsource-variable/jetbrains-mono': [ '5.2.8' ],
29 silly audit   '@fontsource-variable/manrope': [ '5.2.8' ],
29 silly audit   '@hookform/resolvers': [ '5.2.2' ],
29 silly audit   '@humanfs/core': [ '0.19.1' ],
29 silly audit   '@humanfs/node': [ '0.16.6' ],
29 silly audit   '@humanwhocodes/retry': [ '0.3.1', '0.4.3' ],
29 silly audit   '@humanwhocodes/module-importer': [ '1.0.1' ],
29 silly audit   '@img/sharp-darwin-arm64': [ '0.34.2' ],
29 silly audit   '@img/sharp-darwin-x64': [ '0.34.2' ],
29 silly audit   '@img/sharp-libvips-darwin-arm64': [ '1.1.0' ],
29 silly audit   '@img/sharp-libvips-darwin-x64': [ '1.1.0' ],
29 silly audit   '@img/sharp-libvips-linux-arm': [ '1.1.0' ],
29 silly audit   '@img/sharp-libvips-linux-arm64': [ '1.1.0' ],
29 silly audit   '@img/sharp-libvips-linux-ppc64': [ '1.1.0' ],
29 silly audit   '@img/sharp-libvips-linux-s390x': [ '1.1.0' ],
29 silly audit   '@img/sharp-libvips-linux-x64': [ '1.1.0' ],
29 silly audit   '@img/sharp-libvips-linuxmusl-arm64': [ '1.1.0' ],
29 silly audit   '@img/sharp-libvips-linuxmusl-x64': [ '1.1.0' ],
29 silly audit   '@img/sharp-linux-arm': [ '0.34.2' ],
29 silly audit   '@img/sharp-linux-arm64': [ '0.34.2' ],
29 silly audit   '@img/sharp-linux-s390x': [ '0.34.2' ],
29 silly audit   '@img/sharp-linux-x64': [ '0.34.2' ],
29 silly audit   '@img/sharp-linuxmusl-arm64': [ '0.34.2' ],
29 silly audit   '@img/sharp-linuxmusl-x64': [ '0.34.2' ],
29 silly audit   '@img/sharp-wasm32': [ '0.34.2' ],
29 silly audit   '@img/sharp-win32-arm64': [ '0.34.2' ],
29 silly audit   '@img/sharp-win32-ia32': [ '0.34.2' ],
29 silly audit   '@img/sharp-win32-x64': [ '0.34.2' ],
29 silly audit   '@isaacs/fs-minipass': [ '4.0.1' ],
29 silly audit   '@jridgewell/gen-mapping': [ '0.3.12' ],
29 silly audit   '@jridgewell/resolve-uri': [ '3.1.2' ],
29 silly audit   '@jridgewell/sourcemap-codec': [ '1.5.4' ],
29 silly audit   '@jridgewell/trace-mapping': [ '0.3.29' ],
29 silly audit   '@napi-rs/wasm-runtime': [ '0.2.11' ],
29 silly audit   '@next/env': [ '15.3.8' ],
29 silly audit   '@next/eslint-plugin-next': [ '15.3.5' ],
29 silly audit   '@next/swc-darwin-arm64': [ '15.3.5' ],
29 silly audit   '@next/swc-darwin-x64': [ '15.3.5' ],
29 silly audit   '@next/swc-linux-arm64-gnu': [ '15.3.5' ],
29 silly audit   '@next/swc-linux-arm64-musl': [ '15.3.5' ],
29 silly audit   '@next/swc-linux-x64-gnu': [ '15.3.5' ],
29 silly audit   '@next/swc-linux-x64-musl': [ '15.3.5' ],
29 silly audit   '@next/swc-win32-arm64-msvc': [ '15.3.5' ],
29 silly audit   '@next/swc-win32-x64-msvc': [ '15.3.5' ],
29 silly audit   '@nodelib/fs.scandir': [ '2.1.5' ],
29 silly audit   '@nodelib/fs.stat': [ '2.0.5' ],
29 silly audit   '@nodelib/fs.walk': [ '1.2.8' ],
29 silly audit   '@nolyfill/is-core-module': [ '1.0.39' ],
29 silly audit   '@rtsao/scc': [ '1.1.0' ],
29 silly audit   '@rushstack/eslint-patch': [ '1.12.0' ],
29 silly audit   '@standard-schema/utils': [ '0.3.0' ],
29 silly audit   '@swc/counter': [ '0.1.3' ],
29 silly audit   '@swc/helpers': [ '0.5.15' ],
29 silly audit   '@tailwindcss/node': [ '4.1.11' ],
29 silly audit   '@tailwindcss/oxide': [ '4.1.11' ],
29 silly audit   '@tailwindcss/oxide-android-arm64': [ '4.1.11' ],
29 silly audit   '@tailwindcss/oxide-darwin-arm64': [ '4.1.11' ],
29 silly audit   '@tailwindcss/oxide-darwin-x64': [ '4.1.11' ],
29 silly audit   '@tailwindcss/oxide-freebsd-x64': [ '4.1.11' ],
29 silly audit   '@tailwindcss/oxide-linux-arm-gnueabihf': [ '4.1.11' ],
29 silly audit   '@tailwindcss/oxide-linux-arm64-gnu': [ '4.1.11' ],
29 silly audit   '@tailwindcss/oxide-linux-arm64-musl': [ '4.1.11' ],
29 silly audit   '@tailwindcss/oxide-linux-x64-gnu': [ '4.1.11' ],
29 silly audit   '@tailwindcss/oxide-linux-x64-musl': [ '4.1.11' ],
29 silly audit   '@tailwindcss/oxide-wasm32-wasi': [ '4.1.11' ],
29 silly audit   '@tailwindcss/oxide-win32-arm64-msvc': [ '4.1.11' ],
29 silly audit   '@tailwindcss/oxide-win32-x64-msvc': [ '4.1.11' ],
29 silly audit   '@tailwindcss/postcss': [ '4.1.11' ],
29 silly audit   '@tybys/wasm-util': [ '0.9.0' ],
29 silly audit   '@types/estree': [ '1.0.8' ],
29 silly audit   '@types/json-schema': [ '7.0.15' ],
29 silly audit   '@types/json5': [ '0.0.29' ],
29 silly audit   '@types/node': [ '20.19.4' ],
29 silly audit   '@types/react': [ '19.1.8' ],
29 silly audit   '@types/react-dom': [ '19.1.6' ],
29 silly audit   '@typescript-eslint/eslint-plugin': [ '8.35.1' ],
29 silly audit   ignore: [ '7.0.5', '5.3.2' ],
29 silly audit   '@typescript-eslint/parser': [ '8.35.1' ],
29 silly audit   '@typescript-eslint/project-service': [ '8.35.1' ],
29 silly audit   '@typescript-eslint/scope-manager': [ '8.35.1' ],
29 silly audit   '@typescript-eslint/tsconfig-utils': [ '8.35.1' ],
29 silly audit   '@typescript-eslint/type-utils': [ '8.35.1' ],
29 silly audit   '@typescript-eslint/types': [ '8.35.1' ],
29 silly audit   '@typescript-eslint/typescript-estree': [ '8.35.1' ],
29 silly audit   'brace-expansion': [ '2.0.2', '1.1.12' ],
29 silly audit   'fast-glob': [ '3.3.3', '3.3.1' ],
29 silly audit   'glob-parent': [ '5.1.2', '6.0.2' ],
29 silly audit   minimatch: [ '9.0.5', '3.1.2' ],
29 silly audit   '@typescript-eslint/utils': [ '8.35.1' ],
29 silly audit   '@typescript-eslint/visitor-keys': [ '8.35.1' ],
29 silly audit   '@unrs/resolver-binding-android-arm-eabi': [ '1.10.1' ],
29 silly audit   '@unrs/resolver-binding-android-arm64': [ '1.10.1' ],
29 silly audit   '@unrs/resolver-binding-darwin-arm64': [ '1.10.1' ],
29 silly audit   '@unrs/resolver-binding-darwin-x64': [ '1.10.1' ],
29 silly audit   '@unrs/resolver-binding-freebsd-x64': [ '1.10.1' ],
29 silly audit   '@unrs/resolver-binding-linux-arm-gnueabihf': [ '1.10.1' ],
29 silly audit   '@unrs/resolver-binding-linux-arm-musleabihf': [ '1.10.1' ],
29 silly audit   '@unrs/resolver-binding-linux-arm64-gnu': [ '1.10.1' ],
29 silly audit   '@unrs/resolver-binding-linux-arm64-musl': [ '1.10.1' ],
29 silly audit   '@unrs/resolver-binding-linux-ppc64-gnu': [ '1.10.1' ],
29 silly audit   '@unrs/resolver-binding-linux-riscv64-gnu': [ '1.10.1' ],
29 silly audit   '@unrs/resolver-binding-linux-riscv64-musl': [ '1.10.1' ],
29 silly audit   '@unrs/resolver-binding-linux-s390x-gnu': [ '1.10.1' ],
29 silly audit   '@unrs/resolver-binding-linux-x64-gnu': [ '1.10.1' ],
29 silly audit   '@unrs/resolver-binding-linux-x64-musl': [ '1.10.1' ],
29 silly audit   '@unrs/resolver-binding-wasm32-wasi': [ '1.10.1' ],
29 silly audit   '@unrs/resolver-binding-win32-arm64-msvc': [ '1.10.1' ],
29 silly audit   '@unrs/resolver-binding-win32-ia32-msvc': [ '1.10.1' ],
29 silly audit   '@unrs/resolver-binding-win32-x64-msvc': [ '1.10.1' ],
29 silly audit   acorn: [ '8.15.0' ],
29 silly audit   'acorn-jsx': [ '5.3.2' ],
29 silly audit   ajv: [ '6.12.6' ],
29 silly audit   'ansi-styles': [ '4.3.0' ],
29 silly audit   argparse: [ '2.0.1' ],
29 silly audit   'aria-query': [ '5.3.2' ],
29 silly audit   'array-buffer-byte-length': [ '1.0.2' ],
29 silly audit   'array-includes': [ '3.1.9' ],
29 silly audit   'array.prototype.findlast': [ '1.2.5' ],
29 silly audit   'array.prototype.findlastindex': [ '1.2.6' ],
29 silly audit   'array.prototype.flat': [ '1.3.3' ],
29 silly audit   'array.prototype.flatmap': [ '1.3.3' ],
29 silly audit   'array.prototype.tosorted': [ '1.1.4' ],
29 silly audit   'arraybuffer.prototype.slice': [ '1.0.4' ],
29 silly audit   'ast-types-flow': [ '0.0.8' ],
29 silly audit   'async-function': [ '1.0.0' ],
29 silly audit   'available-typed-arrays': [ '1.0.7' ],
29 silly audit   'axe-core': [ '4.10.3' ],
29 silly audit   'axobject-query': [ '4.1.0' ],
29 silly audit   'balanced-match': [ '1.0.2' ],
29 silly audit   'baseline-browser-mapping': [ '2.9.19' ],
29 silly audit   braces: [ '3.0.3' ],
29 silly audit   busboy: [ '1.6.0' ],
29 silly audit   'call-bind': [ '1.0.8' ],
29 silly audit   'call-bind-apply-helpers': [ '1.0.2' ],
29 silly audit   'call-bound': [ '1.0.4' ],
29 silly audit   callsites: [ '3.1.0' ],
29 silly audit   'caniuse-lite': [ '1.0.30001726' ],
29 silly audit   chalk: [ '4.1.2' ],
29 silly audit   chownr: [ '3.0.0' ],
29 silly audit   'client-only': [ '0.0.1' ],
29 silly audit   color: [ '4.2.3' ],
29 silly audit   'color-convert': [ '2.0.1' ],
29 silly audit   'color-name': [ '1.1.4' ],
29 silly audit   'color-string': [ '1.9.1' ],
29 silly audit   'concat-map': [ '0.0.1' ],
29 silly audit   'cross-spawn': [ '7.0.6' ],
29 silly audit   csstype: [ '3.1.3' ],
29 silly audit   'damerau-levenshtein': [ '1.0.8' ],
29 silly audit   'data-view-buffer': [ '1.0.2' ],
29 silly audit   'data-view-byte-length': [ '1.0.2' ],
29 silly audit   'data-view-byte-offset': [ '1.0.1' ],
29 silly audit   debug: [ '4.4.1', '3.2.7' ],
29 silly audit   'deep-is': [ '0.1.4' ],
29 silly audit   'define-data-property': [ '1.1.4' ],
29 silly audit   'define-properties': [ '1.2.1' ],
29 silly audit   'detect-libc': [ '2.0.4' ],
29 silly audit   doctrine: [ '2.1.0' ],
29 silly audit   'dunder-proto': [ '1.0.1' ],
29 silly audit   'embla-carousel': [ '8.6.0' ],
29 silly audit   'embla-carousel-react': [ '8.6.0' ],
29 silly audit   'embla-carousel-reactive-utils': [ '8.6.0' ],
29 silly audit   'emoji-regex': [ '9.2.2' ],
29 silly audit   'enhanced-resolve': [ '5.18.2' ],
29 silly audit   'es-abstract': [ '1.24.0' ],
29 silly audit   'es-define-property': [ '1.0.1' ],
29 silly audit   'es-errors': [ '1.3.0' ],
29 silly audit   'es-iterator-helpers': [ '1.2.1' ],
29 silly audit   'es-object-atoms': [ '1.1.1' ],
29 silly audit   'es-set-tostringtag': [ '2.1.0' ],
29 silly audit   'es-shim-unscopables': [ '1.1.0' ],
29 silly audit   'es-to-primitive': [ '1.3.0' ],
29 silly audit   'escape-string-regexp': [ '4.0.0' ],
29 silly audit   eslint: [ '9.30.1' ],
29 silly audit   'eslint-config-next': [ '15.3.5' ],
29 silly audit   'eslint-import-resolver-node': [ '0.3.9' ],
29 silly audit   'eslint-import-resolver-typescript': [ '3.10.1' ],
29 silly audit   'eslint-module-utils': [ '2.12.1' ],
29 silly audit   'eslint-plugin-import': [ '2.32.0' ],
29 silly audit   semver: [ '6.3.1', '7.7.2' ],
29 silly audit   'eslint-plugin-jsx-a11y': [ '6.10.2' ],
29 silly audit   'eslint-plugin-react': [ '7.37.5' ],
29 silly audit   'eslint-plugin-react-hooks': [ '5.2.0' ],
29 silly audit   resolve: [ '2.0.0-next.5', '1.22.10' ],
29 silly audit   'eslint-scope': [ '8.4.0' ],
29 silly audit   espree: [ '10.4.0' ],
29 silly audit   esquery: [ '1.6.0' ],
29 silly audit   esrecurse: [ '4.3.0' ],
29 silly audit   estraverse: [ '5.3.0' ],
29 silly audit   esutils: [ '2.0.3' ],
29 silly audit   'fast-deep-equal': [ '3.1.3' ],
29 silly audit   'fast-json-stable-stringify': [ '2.1.0' ],
29 silly audit   'fast-levenshtein': [ '2.0.6' ],
29 silly audit   fastq: [ '1.19.1' ],
29 silly audit   'file-entry-cache': [ '8.0.0' ],
29 silly audit   'fill-range': [ '7.1.1' ],
29 silly audit   'find-up': [ '5.0.0' ],
29 silly audit   'flat-cache': [ '4.0.1' ],
29 silly audit   flatted: [ '3.3.3' ],
29 silly audit   'for-each': [ '0.3.5' ],
29 silly audit   'framer-motion': [ '12.39.0' ],
29 silly audit   'function-bind': [ '1.1.2' ],
29 silly audit   'function.prototype.name': [ '1.1.8' ],
29 silly audit   'functions-have-names': [ '1.2.3' ],
29 silly audit   'get-intrinsic': [ '1.3.0' ],
29 silly audit   'get-proto': [ '1.0.1' ],
29 silly audit   'get-symbol-description': [ '1.1.0' ],
29 silly audit   'get-tsconfig': [ '4.10.1' ],
29 silly audit   globals: [ '14.0.0' ],
29 silly audit   globalthis: [ '1.0.4' ],
29 silly audit   gopd: [ '1.2.0' ],
29 silly audit   'graceful-fs': [ '4.2.11' ],
29 silly audit   graphemer: [ '1.4.0' ],
29 silly audit   'has-bigints': [ '1.1.0' ],
29 silly audit   'has-flag': [ '4.0.0' ],
29 silly audit   'has-property-descriptors': [ '1.0.2' ],
29 silly audit   'has-proto': [ '1.2.0' ],
29 silly audit   'has-symbols': [ '1.1.0' ],
29 silly audit   'has-tostringtag': [ '1.0.2' ],
29 silly audit   hasown: [ '2.0.2' ],
29 silly audit   'import-fresh': [ '3.3.1' ],
29 silly audit   imurmurhash: [ '0.1.4' ],
29 silly audit   'internal-slot': [ '1.1.0' ],
29 silly audit   'is-array-buffer': [ '3.0.5' ],
29 silly audit   'is-arrayish': [ '0.3.2' ],
29 silly audit   'is-async-function': [ '2.1.1' ],
29 silly audit   'is-bigint': [ '1.1.0' ],
29 silly audit   'is-boolean-object': [ '1.2.2' ],
29 silly audit   'is-bun-module': [ '2.0.0' ],
29 silly audit   'is-callable': [ '1.2.7' ],
29 silly audit   'is-core-module': [ '2.16.1' ],
29 silly audit   'is-data-view': [ '1.0.2' ],
29 silly audit   'is-date-object': [ '1.1.0' ],
29 silly audit   'is-extglob': [ '2.1.1' ],
29 silly audit   'is-finalizationregistry': [ '1.1.1' ],
29 silly audit   'is-generator-function': [ '1.1.0' ],
29 silly audit   'is-glob': [ '4.0.3' ],
29 silly audit   'is-map': [ '2.0.3' ],
29 silly audit   'is-negative-zero': [ '2.0.3' ],
29 silly audit   'is-number': [ '7.0.0' ],
29 silly audit   'is-number-object': [ '1.1.1' ],
29 silly audit   'is-regex': [ '1.2.1' ],
29 silly audit   'is-set': [ '2.0.3' ],
29 silly audit   'is-shared-array-buffer': [ '1.0.4' ],
29 silly audit   'is-string': [ '1.1.1' ],
29 silly audit   'is-symbol': [ '1.1.1' ],
29 silly audit   'is-typed-array': [ '1.1.15' ],
29 silly audit   'is-weakmap': [ '2.0.2' ],
29 silly audit   'is-weakref': [ '1.1.1' ],
29 silly audit   'is-weakset': [ '2.0.4' ],
29 silly audit   isarray: [ '2.0.5' ],
29 silly audit   isexe: [ '2.0.0' ],
29 silly audit   'iterator.prototype': [ '1.1.5' ],
29 silly audit   jiti: [ '2.4.2' ],
29 silly audit   'js-tokens': [ '4.0.0' ],
29 silly audit   'js-yaml': [ '4.1.0' ],
29 silly audit   'json-buffer': [ '3.0.1' ],
29 silly audit   'json-schema-traverse': [ '0.4.1' ],
29 silly audit   'json-stable-stringify-without-jsonify': [ '1.0.1' ],
29 silly audit   json5: [ '1.0.2' ],
29 silly audit   'jsx-ast-utils': [ '3.3.5' ],
29 silly audit   keyv: [ '4.5.4' ],
29 silly audit   'language-subtag-registry': [ '0.3.23' ],
29 silly audit   'language-tags': [ '1.0.9' ],
29 silly audit   levn: [ '0.4.1' ],
29 silly audit   lightningcss: [ '1.30.1' ],
29 silly audit   'lightningcss-darwin-arm64': [ '1.30.1' ],
29 silly audit   'lightningcss-darwin-x64': [ '1.30.1' ],
29 silly audit   'lightningcss-freebsd-x64': [ '1.30.1' ],
29 silly audit   'lightningcss-linux-arm-gnueabihf': [ '1.30.1' ],
29 silly audit   'lightningcss-linux-arm64-gnu': [ '1.30.1' ],
29 silly audit   'lightningcss-linux-arm64-musl': [ '1.30.1' ],
29 silly audit   'lightningcss-linux-x64-gnu': [ '1.30.1' ],
29 silly audit   'lightningcss-linux-x64-musl': [ '1.30.1' ],
29 silly audit   'lightningcss-win32-arm64-msvc': [ '1.30.1' ],
29 silly audit   'lightningcss-win32-x64-msvc': [ '1.30.1' ],
29 silly audit   'locate-path': [ '6.0.0' ],
29 silly audit   'lodash.merge': [ '4.6.2' ],
29 silly audit   'loose-envify': [ '1.4.0' ],
29 silly audit   'lucide-react': [ '0.525.0' ],
29 silly audit   'magic-string': [ '0.30.17' ],
29 silly audit   'math-intrinsics': [ '1.1.0' ],
29 silly audit   merge2: [ '1.4.1' ],
29 silly audit   micromatch: [ '4.0.8' ],
29 silly audit   minimist: [ '1.2.8' ],
29 silly audit   minipass: [ '7.1.2' ],
29 silly audit   minizlib: [ '3.0.2' ],
29 silly audit   mkdirp: [ '3.0.1' ],
29 silly audit   'motion-dom': [ '12.39.0' ],
29 silly audit   'motion-utils': [ '12.39.0' ],
29 silly audit   ms: [ '2.1.3' ],
29 silly audit   nanoid: [ '3.3.11' ],
29 silly audit   'napi-postinstall': [ '0.3.0' ],
29 silly audit   'natural-compare': [ '1.4.0' ],
29 silly audit   next: [ '15.3.8' ],
29 silly audit   postcss: [ '8.4.31', '8.5.6' ],
29 silly audit   'object-assign': [ '4.1.1' ],
29 silly audit   'object-inspect': [ '1.13.4' ],
29 silly audit   'object-keys': [ '1.1.1' ],
29 silly audit   'object.assign': [ '4.1.7' ],
29 silly audit   'object.entries': [ '1.1.9' ],
29 silly audit   'object.fromentries': [ '2.0.8' ],
29 silly audit   'object.groupby': [ '1.0.3' ],
29 silly audit   'object.values': [ '1.2.1' ],
29 silly audit   optionator: [ '0.9.4' ],
29 silly audit   'own-keys': [ '1.0.1' ],
29 silly audit   'p-limit': [ '3.1.0' ],
29 silly audit   'p-locate': [ '5.0.0' ],
29 silly audit   'parent-module': [ '1.0.1' ],
29 silly audit   'path-exists': [ '4.0.0' ],
29 silly audit   'path-key': [ '3.1.1' ],
29 silly audit   'path-parse': [ '1.0.7' ],
29 silly audit   picocolors: [ '1.1.1' ],
29 silly audit   picomatch: [ '2.3.1', '4.0.2' ],
29 silly audit   'possible-typed-array-names': [ '1.1.0' ],
29 silly audit   'prelude-ls': [ '1.2.1' ],
29 silly audit   'prop-types': [ '15.8.1' ],
29 silly audit   punycode: [ '2.3.1' ],
29 silly audit   'queue-microtask': [ '1.2.3' ],
29 silly audit   react: [ '19.1.0' ],
29 silly audit   'react-dom': [ '19.1.0' ],
29 silly audit   'react-feather': [ '2.0.10' ],
29 silly audit   'react-hook-form': [ '7.76.0' ],
29 silly audit   'react-icons': [ '5.5.0' ],
29 silly audit   'react-is': [ '16.13.1' ],
29 silly audit   'reflect.getprototypeof': [ '1.0.10' ],
29 silly audit   'regexp.prototype.flags': [ '1.5.4' ],
29 silly audit   'resolve-from': [ '4.0.0' ],
29 silly audit   'resolve-pkg-maps': [ '1.0.0' ],
29 silly audit   reusify: [ '1.1.0' ],
29 silly audit   'run-parallel': [ '1.2.0' ],
29 silly audit   'safe-array-concat': [ '1.1.3' ],
29 silly audit   'safe-push-apply': [ '1.0.0' ],
29 silly audit   'safe-regex-test': [ '1.1.0' ],
29 silly audit   scheduler: [ '0.26.0' ],
29 silly audit   'set-function-length': [ '1.2.2' ],
29 silly audit   'set-function-name': [ '2.0.2' ],
29 silly audit   'set-proto': [ '1.0.0' ],
29 silly audit   sharp: [ '0.34.2' ],
29 silly audit   'shebang-command': [ '2.0.0' ],
29 silly audit   'shebang-regex': [ '3.0.0' ],
29 silly audit   'side-channel': [ '1.1.0' ],
29 silly audit   'side-channel-list': [ '1.0.0' ],
29 silly audit   'side-channel-map': [ '1.0.1' ],
29 silly audit   'side-channel-weakmap': [ '1.0.2' ],
29 silly audit   'simple-swizzle': [ '0.2.2' ],
29 silly audit   'source-map-js': [ '1.2.1' ],
29 silly audit   'stable-hash': [ '0.0.5' ],
29 silly audit   'stop-iteration-iterator': [ '1.1.0' ],
29 silly audit   streamsearch: [ '1.1.0' ],
29 silly audit   'string.prototype.includes': [ '2.0.1' ],
29 silly audit   'string.prototype.matchall': [ '4.0.12' ],
29 silly audit   'string.prototype.repeat': [ '1.0.0' ],
29 silly audit   'string.prototype.trim': [ '1.2.10' ],
29 silly audit   'string.prototype.trimend': [ '1.0.9' ],
29 silly audit   'string.prototype.trimstart': [ '1.0.8' ],
29 silly audit   'strip-bom': [ '3.0.0' ],
29 silly audit   'strip-json-comments': [ '3.1.1' ],
29 silly audit   'styled-jsx': [ '5.1.6' ],
29 silly audit   'supports-color': [ '7.2.0' ],
29 silly audit   'supports-preserve-symlinks-flag': [ '1.0.0' ],
29 silly audit   tailwindcss: [ '4.1.11' ],
29 silly audit   tapable: [ '2.2.2' ],
29 silly audit   tar: [ '7.4.3' ],
29 silly audit   tinyglobby: [ '0.2.14' ],
29 silly audit   fdir: [ '6.4.6' ],
29 silly audit   'to-regex-range': [ '5.0.1' ],
29 silly audit   'ts-api-utils': [ '2.1.0' ],
29 silly audit   'tsconfig-paths': [ '3.15.0' ],
29 silly audit   tslib: [ '2.8.1' ],
29 silly audit   'type-check': [ '0.4.0' ],
29 silly audit   'typed-array-buffer': [ '1.0.3' ],
29 silly audit   'typed-array-byte-length': [ '1.0.3' ],
29 silly audit   'typed-array-byte-offset': [ '1.0.4' ],
29 silly audit   'typed-array-length': [ '1.0.7' ],
29 silly audit   typescript: [ '5.8.3' ],
29 silly audit   'unbox-primitive': [ '1.1.0' ],
29 silly audit   'undici-types': [ '6.21.0' ],
29 silly audit   'unrs-resolver': [ '1.10.1' ],
29 silly audit   'uri-js': [ '4.4.1' ],
29 silly audit   which: [ '2.0.2' ],
29 silly audit   'which-boxed-primitive': [ '1.1.1' ],
29 silly audit   'which-builtin-type': [ '1.2.1' ],
29 silly audit   'which-collection': [ '1.0.2' ],
29 silly audit   'which-typed-array': [ '1.1.19' ],
29 silly audit   'word-wrap': [ '1.2.5' ],
29 silly audit   yallist: [ '5.0.0' ],
29 silly audit   'yocto-queue': [ '0.1.0' ],
29 silly audit   zod: [ '4.4.3' ],
29 silly audit   'next-themes': [ '0.4.6' ]
29 silly audit }
30 http cache next-themes@https://registry.npmjs.org/next-themes/-/next-themes-0.4.6.tgz 1ms (cache hit)
31 silly tarball no local data for next-themes@https://registry.npmjs.org/next-themes/-/next-themes-0.4.6.tgz. Extracting by manifest.
32 http fetch GET 200 https://registry.npmjs.org/next-themes/-/next-themes-0.4.6.tgz 466ms (cache miss)
33 http fetch POST 200 https://registry.npmjs.org/-/npm/v1/security/advisories/bulk 790ms
34 silly audit report {
34 silly audit report   '@eslint/plugin-kit': [
34 silly audit report     {
34 silly audit report       id: 1106734,
34 silly audit report       url: 'https://github.com/advisories/GHSA-xffm-g5w8-qvg7',
34 silly audit report       title: '@eslint/plugin-kit is vulnerable to Regular Expression Denial of Service attacks through ConfigCommentParser',
34 silly audit report       severity: 'low',
34 silly audit report       vulnerable_versions: '<0.3.4',
34 silly audit report       cwe: [Array],
34 silly audit report       cvss: [Object]
34 silly audit report     }
34 silly audit report   ],
34 silly audit report   'brace-expansion': [
34 silly audit report     {
34 silly audit report       id: 1115540,
34 silly audit report       url: 'https://github.com/advisories/GHSA-f886-m6hf-6m8v',
34 silly audit report       title: 'brace-expansion: Zero-step sequence causes process hang and memory exhaustion',
34 silly audit report       severity: 'moderate',
34 silly audit report       vulnerable_versions: '<1.1.13',
34 silly audit report       cwe: [Array],
34 silly audit report       cvss: [Object]
34 silly audit report     },
34 silly audit report     {
34 silly audit report       id: 1115541,
34 silly audit report       url: 'https://github.com/advisories/GHSA-f886-m6hf-6m8v',
34 silly audit report       title: 'brace-expansion: Zero-step sequence causes process hang and memory exhaustion',
34 silly audit report       severity: 'moderate',
34 silly audit report       vulnerable_versions: '>=2.0.0 <2.0.3',
34 silly audit report       cwe: [Array],
34 silly audit report       cvss: [Object]
34 silly audit report     }
34 silly audit report   ],
34 silly audit report   minimatch: [
34 silly audit report     {
34 silly audit report       id: 1113459,
34 silly audit report       url: 'https://github.com/advisories/GHSA-3ppc-4f35-3m26',
34 silly audit report       title: 'minimatch has a ReDoS via repeated wildcards with non-matching literal in pattern',
34 silly audit report       severity: 'high',
34 silly audit report       vulnerable_versions: '<3.1.3',
34 silly audit report       cwe: [Array],
34 silly audit report       cvss: [Object]
34 silly audit report     },
34 silly audit report     {
34 silly audit report       id: 1113465,
34 silly audit report       url: 'https://github.com/advisories/GHSA-3ppc-4f35-3m26',
34 silly audit report       title: 'minimatch has a ReDoS via repeated wildcards with non-matching literal in pattern',
34 silly audit report       severity: 'high',
34 silly audit report       vulnerable_versions: '>=9.0.0 <9.0.6',
34 silly audit report       cwe: [Array],
34 silly audit report       cvss: [Object]
34 silly audit report     },
34 silly audit report     {
34 silly audit report       id: 1113538,
34 silly audit report       url: 'https://github.com/advisories/GHSA-7r86-cg39-jmmj',
34 silly audit report       title: 'minimatch has ReDoS: matchOne() combinatorial backtracking via multiple non-adjacent GLOBSTAR segments',
34 silly audit report       severity: 'high',
34 silly audit report       vulnerable_versions: '<3.1.3',
34 silly audit report       cwe: [Array],
34 silly audit report       cvss: [Object]
34 silly audit report     },
34 silly audit report     {
34 silly audit report       id: 1113544,
34 silly audit report       url: 'https://github.com/advisories/GHSA-7r86-cg39-jmmj',
34 silly audit report       title: 'minimatch has ReDoS: matchOne() combinatorial backtracking via multiple non-adjacent GLOBSTAR segments',
34 silly audit report       severity: 'high',
34 silly audit report       vulnerable_versions: '>=9.0.0 <9.0.7',
34 silly audit report       cwe: [Array],
34 silly audit report       cvss: [Object]
34 silly audit report     },
34 silly audit report     {
34 silly audit report       id: 1113546,
34 silly audit report       url: 'https://github.com/advisories/GHSA-23c5-xmqv-rm74',
34 silly audit report       title: 'minimatch ReDoS: nested *() extglobs generate catastrophically backtracking regular expressions',
34 silly audit report       severity: 'high',
34 silly audit report       vulnerable_versions: '<3.1.4',
34 silly audit report       cwe: [Array],
34 silly audit report       cvss: [Object]
34 silly audit report     },
34 silly audit report     {
34 silly audit report       id: 1113552,
34 silly audit report       url: 'https://github.com/advisories/GHSA-23c5-xmqv-rm74',
34 silly audit report       title: 'minimatch ReDoS: nested *() extglobs generate catastrophically backtracking regular expressions',
34 silly audit report       severity: 'high',
34 silly audit report       vulnerable_versions: '>=9.0.0 <9.0.7',
34 silly audit report       cwe: [Array],
34 silly audit report       cvss: [Object]
34 silly audit report     }
34 silly audit report   ],
34 silly audit report   ajv: [
34 silly audit report     {
34 silly audit report       id: 1113714,
34 silly audit report       url: 'https://github.com/advisories/GHSA-2g4f-4pwh-qvx6',
34 silly audit report       title: 'ajv has ReDoS when using `$data` option',
34 silly audit report       severity: 'moderate',
34 silly audit report       vulnerable_versions: '<6.14.0',
34 silly audit report       cwe: [Array],
34 silly audit report       cvss: [Object]
34 silly audit report     }
34 silly audit report   ],
34 silly audit report   flatted: [
34 silly audit report     {
34 silly audit report       id: 1114526,
34 silly audit report       url: 'https://github.com/advisories/GHSA-25h7-pfq9-p65f',
34 silly audit report       title: 'flatted vulnerable to unbounded recursion DoS in parse() revive phase',
34 silly audit report       severity: 'high',
34 silly audit report       vulnerable_versions: '<3.4.0',
34 silly audit report       cwe: [Array],
34 silly audit report       cvss: [Object]
34 silly audit report     },
34 silly audit report     {
34 silly audit report       id: 1115357,
34 silly audit report       url: 'https://github.com/advisories/GHSA-rf6f-7fwh-wjgh',
34 silly audit report       title: 'Prototype Pollution via parse() in NodeJS flatted',
34 silly audit report       severity: 'high',
34 silly audit report       vulnerable_versions: '<=3.4.1',
34 silly audit report       cwe: [Array],
34 silly audit report       cvss: [Object]
34 silly audit report     }
34 silly audit report   ],
34 silly audit report   'js-yaml': [
34 silly audit report     {
34 silly audit report       id: 1112715,
34 silly audit report       url: 'https://github.com/advisories/GHSA-mh29-5h37-fv8m',
34 silly audit report       title: 'js-yaml has prototype pollution in merge (<<)',
34 silly audit report       severity: 'moderate',
34 silly audit report       vulnerable_versions: '>=4.0.0 <4.1.1',
34 silly audit report       cwe: [Array],
34 silly audit report       cvss: [Object]
34 silly audit report     }
34 silly audit report   ],
34 silly audit report   next: [
34 silly audit report     {
34 silly audit report       id: 1117931,
34 silly audit report       url: 'https://github.com/advisories/GHSA-8h8q-6873-q5fj',
34 silly audit report       title: 'Next.js Vulnerable to Denial of Service with Server Components',
34 silly audit report       severity: 'high',
34 silly audit report       vulnerable_versions: '>=13.0.0 <15.5.16',
34 silly audit report       cwe: [Array],
34 silly audit report       cvss: [Object]
34 silly audit report     },
34 silly audit report     {
34 silly audit report       id: 1107228,
34 silly audit report       url: 'https://github.com/advisories/GHSA-g5qg-72qw-gw5v',
34 silly audit report       title: 'Next.js Affected by Cache Key Confusion for Image Optimization API Routes',
34 silly audit report       severity: 'moderate',
34 silly audit report       vulnerable_versions: '>=15.0.0 <=15.4.4',
34 silly audit report       cwe: [Array],
34 silly audit report       cvss: [Object]
34 silly audit report     },
34 silly audit report     {
34 silly audit report       id: 1107514,
34 silly audit report       url: 'https://github.com/advisories/GHSA-xv57-4mr9-wg8v',
34 silly audit report       title: 'Next.js Content Injection Vulnerability for Image Optimization',
34 silly audit report       severity: 'moderate',
34 silly audit report       vulnerable_versions: '>=15.0.0 <=15.4.4',
34 silly audit report       cwe: [Array],
34 silly audit report       cvss: [Object]
34 silly audit report     },
34 silly audit report     {
34 silly audit report       id: 1107515,
34 silly audit report       url: 'https://github.com/advisories/GHSA-4342-x723-ch2f',
34 silly audit report       title: 'Next.js Improper Middleware Redirect Handling Leads to SSRF',
34 silly audit report       severity: 'moderate',
34 silly audit report       vulnerable_versions: '>=15.0.0-canary.0 <15.4.7',
34 silly audit report       cwe: [Array],
34 silly audit report       cvss: [Object]
34 silly audit report     },
34 silly audit report     {
34 silly audit report       id: 1118939,
34 silly audit report       url: 'https://github.com/advisories/GHSA-26hh-7cqf-hhc6',
34 silly audit report       title: 'Next.js has a Middleware / Proxy bypass in App Router applications via segment-prefetch routes - Incomplete Fix Follow-Up',
34 silly audit report       severity: 'high',
34 silly audit report       vulnerable_versions: '>=15.2.0 <15.5.18',
34 silly audit report       cwe: [Array],
34 silly audit report       cvss: [Object]
34 silly audit report     },
34 silly audit report     {
34 silly audit report       id: 1118942,
34 silly audit report       url: 'https://github.com/advisories/GHSA-3g8h-86w9-wvmq',
34 silly audit report       title: "Next.js's Middleware / Proxy redirects can be cache-poisoned",
34 silly audit report       severity: 'low',
34 silly audit report       vulnerable_versions: '>=12.2.0 <15.5.16',
34 silly audit report       cwe: [Array],
34 silly audit report       cvss: [Object]
34 silly audit report     },
34 silly audit report     {
34 silly audit report       id: 1118944,
34 silly audit report       url: 'https://github.com/advisories/GHSA-ffhc-5mcf-pf4q',
34 silly audit report       title: 'Next.js vulnerable to cross-site scripting in App Router applications using CSP nonces',
34 silly audit report       severity: 'moderate',
34 silly audit report       vulnerable_versions: '>=13.4.0 <15.5.16',
34 silly audit report       cwe: [Array],
34 silly audit report       cvss: [Object]
34 silly audit report     },
34 silly audit report     {
34 silly audit report       id: 1118946,
34 silly audit report       url: 'https://github.com/advisories/GHSA-vfv6-92ff-j949',
34 silly audit report       title: 'Next.js vulnerable to cache poisoning via collisions in React Server Component cache-busting',
34 silly audit report       severity: 'low',
34 silly audit report       vulnerable_versions: '>=13.4.6 <15.5.16',
34 silly audit report       cwe: [Array],
34 silly audit report       cvss: [Object]
34 silly audit report     },
34 silly audit report     {
34 silly audit report       id: 1118948,
34 silly audit report       url: 'https://github.com/advisories/GHSA-gx5p-jg67-6x7h',
34 silly audit report       title: 'Next.js has cross-site scripting in beforeInteractive scripts with untrusted input',
34 silly audit report       severity: 'moderate',
34 silly audit report       vulnerable_versions: '>=13.0.0 <15.5.16',
34 silly audit report       cwe: [Array],
34 silly audit report       cvss: [Object]
34 silly audit report     },
34 silly audit report     {
34 silly audit report       id: 1118950,
34 silly audit report       url: 'https://github.com/advisories/GHSA-mg66-mrh9-m8jx',
34 silly audit report       title: 'Next.js vulnerable to Denial of Service via connection exhaustion in applications using Cache Components',
34 silly audit report       severity: 'high',
34 silly audit report       vulnerable_versions: '>=15.0.0 <15.5.16',
34 silly audit report       cwe: [Array],
34 silly audit report       cvss: [Object]
34 silly audit report     },
34 silly audit report     {
34 silly audit report       id: 1118952,
34 silly audit report       url: 'https://github.com/advisories/GHSA-h64f-5h5j-jqjh',
34 silly audit report       title: 'Next.js has a Denial of Service in the Image Optimization API',
34 silly audit report       severity: 'moderate',
34 silly audit report       vulnerable_versions: '>=10.0.0 <15.5.16',
34 silly audit report       cwe: [Array],
34 silly audit report       cvss: [Object]
34 silly audit report     },
34 silly audit report     {
34 silly audit report       id: 1118954,
34 silly audit report       url: 'https://github.com/advisories/GHSA-c4j6-fc7j-m34r',
34 silly audit report       title: 'Next.js vulnerable to server-side request forgery in applications using WebSocket upgrades',
34 silly audit report       severity: 'high',
34 silly audit report       vulnerable_versions: '>=13.4.13 <15.5.16',
34 silly audit report       cwe: [Array],
34 silly audit report       cvss: [Object]
34 silly audit report     },
34 silly audit report     {
34 silly audit report       id: 1118958,
34 silly audit report       url: 'https://github.com/advisories/GHSA-wfc6-r584-vfw7',
34 silly audit report       title: 'Next.js vulnerable to cache poisoning in React Server Component responses',
34 silly audit report       severity: 'moderate',
34 silly audit report       vulnerable_versions: '>=14.2.0 <15.5.16',
34 silly audit report       cwe: [Array],
34 silly audit report       cvss: [Object]
34 silly audit report     },
34 silly audit report     {
34 silly audit report       id: 1118960,
34 silly audit report       url: 'https://github.com/advisories/GHSA-267c-6grr-h53f',
34 silly audit report       title: 'Next.js has a Middleware / Proxy bypass in App Router applications via segment-prefetch routes',
34 silly audit report       severity: 'high',
34 silly audit report       vulnerable_versions: '>=15.2.0 <15.5.16',
34 silly audit report       cwe: [Array],
34 silly audit report       cvss: [Object]
34 silly audit report     },
34 silly audit report     {
34 silly audit report       id: 1118962,
34 silly audit report       url: 'https://github.com/advisories/GHSA-36qx-fr4f-26g5',
34 silly audit report       title: 'Next.js has a Middleware / Proxy bypass in Pages Router applications using i18n',
34 silly audit report       severity: 'high',
34 silly audit report       vulnerable_versions: '>=12.2.0 <15.5.16',
34 silly audit report       cwe: [Array],
34 silly audit report       cvss: [Object]
34 silly audit report     },
34 silly audit report     {
34 silly audit report       id: 1112593,
34 silly audit report       url: 'https://github.com/advisories/GHSA-9g9p-9gw9-jx7f',
34 silly audit report       title: 'Next.js self-hosted applications vulnerable to DoS via Image Optimizer remotePatterns configuration',
34 silly audit report       severity: 'moderate',
34 silly audit report       vulnerable_versions: '>=10.0.0 <15.5.10',
34 silly audit report       cwe: [Array],
34 silly audit report       cvss: [Object]
34 silly audit report     },
34 silly audit report     {
34 silly audit report       id: 1112650,
34 silly audit report       url: 'https://github.com/advisories/GHSA-h25m-26qc-wcjf',
34 silly audit report       title: 'Next.js HTTP request deserialization can lead to DoS when using insecure React Server Components',
34 silly audit report       severity: 'high',
34 silly audit report       vulnerable_versions: '>=15.3.0-canary.0 <15.3.9',
34 silly audit report       cwe: [Array],
34 silly audit report       cvss: [Object]
34 silly audit report     },
34 silly audit report     {
34 silly audit report       id: 1114897,
34 silly audit report       url: 'https://github.com/advisories/GHSA-ggv3-7p47-pfv8',
34 silly audit report       title: 'Next.js: HTTP request smuggling in rewrites',
34 silly audit report       severity: 'moderate',
34 silly audit report       vulnerable_versions: '>=9.5.0 <15.5.13',
34 silly audit report       cwe: [Array],
34 silly audit report       cvss: [Object]
34 silly audit report     },
34 silly audit report     {
34 silly audit report       id: 1114940,
34 silly audit report       url: 'https://github.com/advisories/GHSA-3x4c-7xq6-9pq8',
34 silly audit report       title: 'Next.js: Unbounded next/image disk cache growth can exhaust storage',
34 silly audit report       severity: 'moderate',
34 silly audit report       vulnerable_versions: '>=10.0.0 <15.5.14',
34 silly audit report       cwe: [Array],
34 silly audit report       cvss: [Object]
34 silly audit report     },
34 silly audit report     {
34 silly audit report       id: 1116376,
34 silly audit report       url: 'https://github.com/advisories/GHSA-q4gf-8mx6-v5v3',
34 silly audit report       title: 'Next.js has a Denial of Service with Server Components',
34 silly audit report       severity: 'high',
34 silly audit report       vulnerable_versions: '>=13.0.0 <15.5.15',
34 silly audit report       cwe: [Array],
34 silly audit report       cvss: [Object]
34 silly audit report     }
34 silly audit report   ],
34 silly audit report   postcss: [
34 silly audit report     {
34 silly audit report       id: 1117015,
34 silly audit report       url: 'https://github.com/advisories/GHSA-qx2v-qp2m-jg93',
34 silly audit report       title: 'PostCSS has XSS via Unescaped </style> in its CSS Stringify Output',
34 silly audit report       severity: 'moderate',
34 silly audit report       vulnerable_versions: '<8.5.10',
34 silly audit report       cwe: [Array],
34 silly audit report       cvss: [Object]
34 silly audit report     }
34 silly audit report   ],
34 silly audit report   picomatch: [
34 silly audit report     {
34 silly audit report       id: 1115549,
34 silly audit report       url: 'https://github.com/advisories/GHSA-3v7f-55p6-f55p',
34 silly audit report       title: 'Picomatch: Method Injection in POSIX Character Classes causes incorrect Glob Matching',
34 silly audit report       severity: 'moderate',
34 silly audit report       vulnerable_versions: '<2.3.2',
34 silly audit report       cwe: [Array],
34 silly audit report       cvss: [Object]
34 silly audit report     },
34 silly audit report     {
34 silly audit report       id: 1115551,
34 silly audit report       url: 'https://github.com/advisories/GHSA-3v7f-55p6-f55p',
34 silly audit report       title: 'Picomatch: Method Injection in POSIX Character Classes causes incorrect Glob Matching',
34 silly audit report       severity: 'moderate',
34 silly audit report       vulnerable_versions: '>=4.0.0 <4.0.4',
34 silly audit report       cwe: [Array],
34 silly audit report       cvss: [Object]
34 silly audit report     },
34 silly audit report     {
34 silly audit report       id: 1115552,
34 silly audit report       url: 'https://github.com/advisories/GHSA-c2c7-rcm5-vvqj',
34 silly audit report       title: 'Picomatch has a ReDoS vulnerability via extglob quantifiers',
34 silly audit report       severity: 'high',
34 silly audit report       vulnerable_versions: '<2.3.2',
34 silly audit report       cwe: [Array],
34 silly audit report       cvss: [Object]
34 silly audit report     },
34 silly audit report     {
34 silly audit report       id: 1115554,
34 silly audit report       url: 'https://github.com/advisories/GHSA-c2c7-rcm5-vvqj',
34 silly audit report       title: 'Picomatch has a ReDoS vulnerability via extglob quantifiers',
34 silly audit report       severity: 'high',
34 silly audit report       vulnerable_versions: '>=4.0.0 <4.0.4',
34 silly audit report       cwe: [Array],
34 silly audit report       cvss: [Object]
34 silly audit report     }
34 silly audit report   ],
34 silly audit report   tar: [
34 silly audit report     {
34 silly audit report       id: 1112659,
34 silly audit report       url: 'https://github.com/advisories/GHSA-34x7-hfp2-rc4v',
34 silly audit report       title: 'node-tar Vulnerable to Arbitrary File Creation/Overwrite via Hardlink Path Traversal',
34 silly audit report       severity: 'high',
34 silly audit report       vulnerable_versions: '<7.5.7',
34 silly audit report       cwe: [Array],
34 silly audit report       cvss: [Object]
34 silly audit report     },
34 silly audit report     {
34 silly audit report       id: 1113300,
34 silly audit report       url: 'https://github.com/advisories/GHSA-8qq5-rm4j-mr97',
34 silly audit report       title: 'node-tar is Vulnerable to Arbitrary File Overwrite and Symlink Poisoning via Insufficient Path Sanitization',
34 silly audit report       severity: 'high',
34 silly audit report       vulnerable_versions: '<=7.5.2',
34 silly audit report       cwe: [Array],
34 silly audit report       cvss: [Object]
34 silly audit report     },
34 silly audit report     {
34 silly audit report       id: 1113375,
34 silly audit report       url: 'https://github.com/advisories/GHSA-83g3-92jg-28cx',
34 silly audit report       title: 'Arbitrary File Read/Write via Hardlink Target Escape Through Symlink Chain in node-tar Extraction',
34 silly audit report       severity: 'high',
34 silly audit report       vulnerable_versions: '<7.5.8',
34 silly audit report       cwe: [Array],
34 silly audit report       cvss: [Object]
34 silly audit report     },
34 silly audit report     {
34 silly audit report       id: 1114200,
34 silly audit report       url: 'https://github.com/advisories/GHSA-qffp-2rhf-9h96',
34 silly audit report       title: 'tar has Hardlink Path Traversal via Drive-Relative Linkpath',
34 silly audit report       severity: 'high',
34 silly audit report       vulnerable_versions: '<=7.5.9',
34 silly audit report       cwe: [Array],
34 silly audit report       cvss: [Object]
34 silly audit report     },
34 silly audit report     {
34 silly audit report       id: 1114302,
34 silly audit report       url: 'https://github.com/advisories/GHSA-9ppj-qmqm-q256',
34 silly audit report       title: 'node-tar Symlink Path Traversal via Drive-Relative Linkpath',
34 silly audit report       severity: 'high',
34 silly audit report       vulnerable_versions: '<=7.5.10',
34 silly audit report       cwe: [Array],
34 silly audit report       cvss: [Object]
34 silly audit report     },
34 silly audit report     {
34 silly audit report       id: 1114680,
34 silly audit report       url: 'https://github.com/advisories/GHSA-r6q2-hw4h-h46w',
34 silly audit report       title: 'Race Condition in node-tar Path Reservations via Unicode Ligature Collisions on macOS APFS',
34 silly audit report       severity: 'high',
34 silly audit report       vulnerable_versions: '<=7.5.3',
34 silly audit report       cwe: [Array],
34 silly audit report       cvss: [Object]
34 silly audit report     }
34 silly audit report   ]
34 silly audit report }
35 silly packumentCache corgi:https://registry.npmjs.org/@eslint%2fplugin-kit cache-miss
36 silly packumentCache corgi:https://registry.npmjs.org/brace-expansion cache-miss
37 silly packumentCache corgi:https://registry.npmjs.org/minimatch cache-miss
38 silly packumentCache corgi:https://registry.npmjs.org/ajv cache-miss
39 silly packumentCache corgi:https://registry.npmjs.org/flatted cache-miss
40 silly packumentCache corgi:https://registry.npmjs.org/js-yaml cache-miss
41 silly packumentCache corgi:https://registry.npmjs.org/next cache-miss
42 silly packumentCache corgi:https://registry.npmjs.org/postcss cache-miss
43 silly packumentCache corgi:https://registry.npmjs.org/picomatch cache-miss
44 silly packumentCache corgi:https://registry.npmjs.org/tar cache-miss
45 http fetch GET 200 https://registry.npmjs.org/brace-expansion 565ms (cache miss)
46 silly packumentCache corgi:https://registry.npmjs.org/brace-expansion set size:undefined disposed:false
47 http fetch GET 200 https://registry.npmjs.org/@eslint%2fplugin-kit 590ms (cache miss)
48 silly packumentCache corgi:https://registry.npmjs.org/@eslint%2fplugin-kit set size:undefined disposed:false
49 http fetch GET 200 https://registry.npmjs.org/minimatch 592ms (cache miss)
50 silly packumentCache corgi:https://registry.npmjs.org/minimatch set size:undefined disposed:false
51 http fetch GET 200 https://registry.npmjs.org/flatted 657ms (cache miss)
52 silly packumentCache corgi:https://registry.npmjs.org/flatted set size:undefined disposed:false
53 http fetch GET 200 https://registry.npmjs.org/ajv 816ms (cache miss)
54 silly packumentCache corgi:https://registry.npmjs.org/ajv set size:undefined disposed:false
55 http fetch GET 200 https://registry.npmjs.org/js-yaml 848ms (cache miss)
56 silly packumentCache corgi:https://registry.npmjs.org/js-yaml set size:undefined disposed:false
57 http fetch GET 200 https://registry.npmjs.org/tar 902ms (cache miss)
58 silly packumentCache corgi:https://registry.npmjs.org/tar set size:undefined disposed:false
59 http fetch GET 200 https://registry.npmjs.org/picomatch 1049ms (cache miss)
60 silly packumentCache corgi:https://registry.npmjs.org/picomatch set size:undefined disposed:false
61 http fetch GET 200 https://registry.npmjs.org/postcss 1097ms (cache miss)
62 silly packumentCache corgi:https://registry.npmjs.org/postcss set size:undefined disposed:false
63 http fetch GET 200 https://registry.npmjs.org/next 2366ms (cache miss)
64 silly packumentCache corgi:https://registry.npmjs.org/next set size:undefined disposed:false
65 silly packumentCache corgi:https://registry.npmjs.org/eslint cache-miss
66 http fetch GET 200 https://registry.npmjs.org/eslint 404ms (cache miss)
67 silly packumentCache corgi:https://registry.npmjs.org/eslint set size:undefined disposed:false
68 silly packumentCache corgi:https://registry.npmjs.org/@eslint%2fconfig-array cache-miss
69 silly packumentCache corgi:https://registry.npmjs.org/@eslint%2feslintrc cache-miss
70 silly packumentCache corgi:https://registry.npmjs.org/eslint-plugin-import cache-miss
71 silly packumentCache corgi:https://registry.npmjs.org/eslint-plugin-jsx-a11y cache-miss
72 silly packumentCache corgi:https://registry.npmjs.org/eslint-plugin-react cache-miss
73 http fetch GET 200 https://registry.npmjs.org/@eslint%2fconfig-array 391ms (cache miss)
74 silly packumentCache corgi:https://registry.npmjs.org/@eslint%2fconfig-array set size:undefined disposed:false
75 http fetch GET 200 https://registry.npmjs.org/@eslint%2feslintrc 424ms (cache miss)
76 silly packumentCache corgi:https://registry.npmjs.org/@eslint%2feslintrc set size:undefined disposed:false
77 http fetch GET 200 https://registry.npmjs.org/eslint-plugin-jsx-a11y 441ms (cache miss)
78 silly packumentCache corgi:https://registry.npmjs.org/eslint-plugin-jsx-a11y set size:undefined disposed:false
79 http fetch GET 200 https://registry.npmjs.org/eslint-plugin-import 474ms (cache miss)
80 silly packumentCache corgi:https://registry.npmjs.org/eslint-plugin-import set size:undefined disposed:false
81 http fetch GET 200 https://registry.npmjs.org/eslint-plugin-react 512ms (cache miss)
82 silly packumentCache corgi:https://registry.npmjs.org/eslint-plugin-react set size:undefined disposed:false
83 silly packumentCache corgi:https://registry.npmjs.org/@typescript-eslint%2ftypescript-estree cache-miss
84 http fetch GET 200 https://registry.npmjs.org/@typescript-eslint%2ftypescript-estree 2377ms (cache miss)
85 silly packumentCache corgi:https://registry.npmjs.org/@typescript-eslint%2ftypescript-estree set size:undefined disposed:false
86 silly packumentCache corgi:https://registry.npmjs.org/flat-cache cache-miss
87 http fetch GET 200 https://registry.npmjs.org/flat-cache 317ms (cache miss)
88 silly packumentCache corgi:https://registry.npmjs.org/flat-cache set size:undefined disposed:false
89 silly packumentCache corgi:https://registry.npmjs.org/@tailwindcss%2fpostcss cache-miss
90 http fetch GET 200 https://registry.npmjs.org/@tailwindcss%2fpostcss 902ms (cache miss)
91 silly packumentCache corgi:https://registry.npmjs.org/@tailwindcss%2fpostcss set size:undefined disposed:false
92 silly packumentCache corgi:https://registry.npmjs.org/micromatch cache-miss
93 http fetch GET 200 https://registry.npmjs.org/micromatch 304ms (cache miss)
94 silly packumentCache corgi:https://registry.npmjs.org/micromatch set size:undefined disposed:false
95 silly packumentCache corgi:https://registry.npmjs.org/tinyglobby cache-miss
96 silly packumentCache corgi:https://registry.npmjs.org/fdir cache-miss
97 http fetch GET 200 https://registry.npmjs.org/tinyglobby 305ms (cache miss)
98 silly packumentCache corgi:https://registry.npmjs.org/tinyglobby set size:undefined disposed:false
99 http fetch GET 200 https://registry.npmjs.org/fdir 307ms (cache miss)
100 silly packumentCache corgi:https://registry.npmjs.org/fdir set size:undefined disposed:false
101 silly packumentCache corgi:https://registry.npmjs.org/@tailwindcss%2foxide cache-miss
102 http fetch GET 200 https://registry.npmjs.org/@tailwindcss%2foxide 707ms (cache miss)
103 silly packumentCache corgi:https://registry.npmjs.org/@tailwindcss%2foxide set size:undefined disposed:false
104 silly ADD node_modules/next-themes
105 verbose cwd C:\Users\ABCD\smart-choice-rental
106 verbose os Windows_NT 10.0.26200
107 verbose node v22.21.0
108 verbose npm  v11.6.2
109 notice
109 notice New minor version of npm available! 11.6.2 -> 11.14.1
109 notice Changelog: https://github.com/npm/cli/releases/tag/v11.14.1
109 notice To update run: npm install -g npm@11.14.1
109 notice  { force: true, [Symbol(proc-log.meta)]: true }
110 verbose exit 0
111 info ok
